[DEAD, -1] => null 
[DEAD, 0] => DEAD 
[DEAD, 1] => DEAD 
[DEAD, 2] => DEAD 
[DEAD, 3] => ALIVE 
[DEAD, 4] => DEAD 
[DEAD, 5] => DEAD 
[DEAD, 6] => DEAD 
[DEAD, 7] => DEAD 
[DEAD, 8] => DEAD 
[DEAD, 9] => null 
[ALIVE, -1] => null 
[ALIVE, 0] => DEAD 
[ALIVE, 1] => DEAD 
[ALIVE, 2] => ALIVE 
[ALIVE, 3] => ALIVE 
[ALIVE, 4] => DEAD 
[ALIVE, 5] => DEAD 
[ALIVE, 6] => DEAD 
[ALIVE, 7] => DEAD 
[ALIVE, 8] => DEAD 
[ALIVE, 9] => null 
